// Jest Snapshot v1, https://goo.gl/fbAQLP

exports[`App component renders App 1`] = `
<DocumentFragment>
  <p>
    Get a quote here! Click the button!
    </p>
    <button>  
      Click me!
      </button>
</DocumentFragment>
`;
